../Core/Src/lcd.c:19:13:LCD_SendNibble	24	static
../Core/Src/lcd.c:46:6:LCD_SendCmd	16	static
../Core/Src/lcd.c:62:6:LCD_SendData	24	static
../Core/Src/lcd.c:74:6:LCD_Init	8	static
../Core/Src/lcd.c:101:6:LCD_SendString	16	static
../Core/Src/lcd.c:110:6:LCD_Clear	8	static
../Core/Src/lcd.c:116:6:LCD_SetCursor	24	static
../Core/Src/lcd.c:128:6:LCD_DisplayError	8	static
../Core/Src/lcd.c:141:6:LCD_DisplayReading	16	static
../Core/Src/lcd.c:169:6:LCD_DisplayAccel	24	static
../Core/Src/lcd.c:199:6:LCD_DisplayGyro	24	static
../Core/Src/lcd.c:230:6:LCD_DisplayFloat	32	static
../Core/Src/lcd.c:303:6:LCD_DisplayAccelScaled	24	static
../Core/Src/lcd.c:334:6:LCD_DisplayGyroScaled	24	static
