../Core/Src/mpu6050.c:18:16:MPU6050_ReadReg	16	static
../Core/Src/mpu6050.c:47:16:MPU6050_WriteReg	16	static
../Core/Src/mpu6050.c:73:9:MPU6050_Init	16	static
../Core/Src/mpu6050.c:105:16:MPU6050_ReadBurst	32	static
../Core/Src/mpu6050.c:139:9:MPU6050_ReadAll	24	static
../Core/Src/mpu6050.c:162:9:MPU6050_ReadAccel	16	static
../Core/Src/mpu6050.c:179:9:MPU6050_ReadGyro	16	static
../Core/Src/mpu6050.c:196:9:MPU6050_ReadTemp	16	static
../Core/Src/mpu6050.c:211:6:MPU6050_ScaleAll	8	static
../Core/Src/mpu6050.c:228:6:MPU6050_ScaleAccel	8	static
../Core/Src/mpu6050.c:236:6:MPU6050_ScaleGyro	8	static
../Core/Src/mpu6050.c:244:6:MPU6050_ScaleTemp	8	static
../Core/Src/mpu6050.c:250:7:MPU6050_ConvertTemp	16	static
../Core/Src/mpu6050.c:256:7:MPU6050_ConvertAccel	16	static
../Core/Src/mpu6050.c:262:7:MPU6050_ConvertGyro	16	static
