../Drivers/CMSIS/Include/core_cm3.h:1511:22:__NVIC_EnableIRQ	16	static
../Core/Src/uart.c:20:6:USART1_Init	8	static
../Core/Src/uart.c:53:6:UART1_BufferInit	24	static
../Core/Src/uart.c:62:6:USART1_BufferEmpty	16	static
../Core/Src/uart.c:68:6:USART1_BufferFull	16	static
../Core/Src/uart.c:74:6:USART1_BufferWrite	16	static,ignoring_inline_asm
../Core/Src/uart.c:93:9:USART1_BufferRead	24	static,ignoring_inline_asm
../Core/Src/uart.c:110:6:USART1_SendChar	16	static,ignoring_inline_asm
../Core/Src/uart.c:127:6:USART1_SendString	16	static
../Core/Src/uart.c:136:6:USART1_DataAvailable	8	static
../Core/Src/uart.c:142:9:USART1_GetChar	8	static
../Core/Src/uart.c:148:6:USART1_SendNumber	40	static
../Core/Src/uart.c:174:6:USART1_IRQHandler	16	static
